
[7m[1m[36m RUN [39m[22m[27m [36mv1.6.1[39m [90mC:/_PL-tests[39m

[90mstdout[2m | services/mockApi.test.ts[2m > [22m[2mmockApi Business Logic[2m > [22m[2mWaybill Status Transitions[2m > [22m[2mshould transition from Draft to Posted and update blank status[22m[39m
CHANGE STATUS START { id: [32m'wb-mibh78ur-bb99'[39m, from: [32m'Draft'[39m, next: [32m'Posted'[39m }
POSTING WAYBILL {
  waybillId: [32m'wb-mibh78ur-bb99'[39m,
  fuelAtStart: [33m0[39m,
  fuelFilled: [33m0[39m,
  fuelAtEnd: [33m0[39m,
  vehicleId: [32m'veh-mibh78mi-f6fd'[39m,
  stockItemsCount: [33m1[39m,
  actualConsumption: [33m0[39m
}

[90mstdout[2m | services/mockApi.test.ts[2m > [22m[2mmockApi Business Logic[2m > [22m[2mWaybill Status Transitions[2m > [22m[2mshould allow correcting a POSTED waybill back to DRAFT[22m[39m
CHANGE STATUS START { id: [32m'wb-mibh7b63-cb25'[39m, from: [32m'Draft'[39m, next: [32m'Posted'[39m }
POSTING WAYBILL {
  waybillId: [32m'wb-mibh7b63-cb25'[39m,
  fuelAtStart: [33m0[39m,
  fuelFilled: [33m0[39m,
  fuelAtEnd: [33m0[39m,
  vehicleId: [32m'veh-mibh7b00-03df'[39m,
  stockItemsCount: [33m1[39m,
  actualConsumption: [33m0[39m
}

[90mstdout[2m | services/mockApi.test.ts[2m > [22m[2mmockApi Business Logic[2m > [22m[2mWaybill Status Transitions[2m > [22m[2mshould allow correcting a POSTED waybill back to DRAFT[22m[39m
CHANGE STATUS START { id: [32m'wb-mibh7b63-cb25'[39m, from: [32m'Posted'[39m, next: [32m'Draft'[39m }

[90mstdout[2m | services/mockApi.test.ts[2m > [22m[2mmockApi Business Logic[2m > [22m[2mWaybill Status Transitions[2m > [22m[2mshould throw an error for invalid status transition[22m[39m
CHANGE STATUS START { id: [32m'wb-mibh7cur-b80e'[39m, from: [32m'Draft'[39m, next: [32m'Submitted'[39m }

[90mstdout[2m | services/mockApi.test.ts[2m > [22m[2mmockApi Business Logic[2m > [22m[2mWaybill Status Transitions[2m > [22m[2mshould throw an error for invalid status transition[22m[39m
CHANGE STATUS START { id: [32m'wb-mibh7cur-b80e'[39m, from: [32m'Submitted'[39m, next: [32m'Cancelled'[39m }

[90mstdout[2m | services/mockApi.test.ts[2m > [22m[2mmockApi Business Logic[2m > [22m[2mCalculations[2m > [22m[2mgetDashboardData should calculate KPIs correctly[22m[39m
CHANGE STATUS START { id: [32m'wb-mibh7fbf-0295'[39m, from: [32m'Draft'[39m, next: [32m'Posted'[39m }
POSTING WAYBILL {
  waybillId: [32m'wb-mibh7fbf-0295'[39m,
  fuelAtStart: [33m50[39m,
  fuelFilled: [33m0[39m,
  fuelAtEnd: [33m40[39m,
  vehicleId: [32m'veh-mibh7eju-1ff1'[39m,
  stockItemsCount: [33m1[39m,
  actualConsumption: [33m10[39m
}
LOOKING FOR FUEL ITEM {
  vehicleFuelType: [32m'f1'[39m,
  foundItem: [90mundefined[39m,
  allItemsCount: [33m1[39m,
  matchingItems: []
}

[90mstdout[2m | services/mockApi.test.ts[2m > [22m[2mmockApi Business Logic[2m > [22m[2mCalculations[2m > [22m[2mgetDashboardData should calculate KPIs correctly[22m[39m
CHANGE STATUS START { id: [32m'wb-mibh7fr6-b8f4'[39m, from: [32m'Draft'[39m, next: [32m'Posted'[39m }
POSTING WAYBILL {
  waybillId: [32m'wb-mibh7fr6-b8f4'[39m,
  fuelAtStart: [33m40[39m,
  fuelFilled: [33m30[39m,
  fuelAtEnd: [33m55[39m,
  vehicleId: [32m'veh-mibh7eju-1ff1'[39m,
  stockItemsCount: [33m1[39m,
  actualConsumption: [33m15[39m
}
LOOKING FOR FUEL ITEM {
  vehicleFuelType: [32m'f1'[39m,
  foundItem: [90mundefined[39m,
  allItemsCount: [33m1[39m,
  matchingItems: []
}

[90mstdout[2m | services/mockApi.test.ts[2m > [22m[2mmockApi Business Logic[2m > [22m[2mCalculations[2m > [22m[2mgetDashboardData should calculate KPIs correctly[22m[39m
CHANGE STATUS START { id: [32m'wb-mibh7g1w-2b69'[39m, from: [32m'Draft'[39m, next: [32m'Posted'[39m }
POSTING WAYBILL {
  waybillId: [32m'wb-mibh7g1w-2b69'[39m,
  fuelAtStart: [33m10[39m,
  fuelFilled: [33m0[39m,
  fuelAtEnd: [33m5[39m,
  vehicleId: [32m'veh-mibh7eju-1ff1'[39m,
  stockItemsCount: [33m1[39m,
  actualConsumption: [33m5[39m
}
LOOKING FOR FUEL ITEM {
  vehicleFuelType: [32m'f1'[39m,
  foundItem: [90mundefined[39m,
  allItemsCount: [33m1[39m,
  matchingItems: []
}

[90mstdout[2m | services/mockApi.test.ts[2m > [22m[2mmockApi Business Logic[2m > [22m[2mStock Management[2m > [22m[2mshould enforce stock balance when Waybill consumes fuel[22m[39m
CHANGE STATUS START { id: [32m'wb-mibh7jro-2ece'[39m, from: [32m'Draft'[39m, next: [32m'Posted'[39m }
POSTING WAYBILL {
  waybillId: [32m'wb-mibh7jro-2ece'[39m,
  fuelAtStart: [33m10[39m,
  fuelFilled: [33m0[39m,
  fuelAtEnd: [33m0[39m,
  vehicleId: [32m'veh-mibh7j0t-b8c8'[39m,
  stockItemsCount: [33m2[39m,
  actualConsumption: [33m10[39m
}
LOOKING FOR FUEL ITEM {
  vehicleFuelType: [32m'ft-mibh7if9-efac'[39m,
  foundItem: [32m'gsi-mibh7im6-bc8c'[39m,
  allItemsCount: [33m2[39m,
  matchingItems: [ { id: [32m'gsi-mibh7im6-bc8c'[39m, active: [33mtrue[39m } ]
}

[90mstdout[2m | services/mockApi.test.ts[2m > [22m[2mmockApi Business Logic[2m > [22m[2mStock Management[2m > [22m[2mshould enforce stock balance when Waybill consumes fuel[22m[39m
CHANGE STATUS START { id: [32m'wb-mibh7jro-2ece'[39m, from: [32m'Draft'[39m, next: [32m'Posted'[39m }
POSTING WAYBILL {
  waybillId: [32m'wb-mibh7jro-2ece'[39m,
  fuelAtStart: [33m10[39m,
  fuelFilled: [33m0[39m,
  fuelAtEnd: [33m0[39m,
  vehicleId: [32m'veh-mibh7j0t-b8c8'[39m,
  stockItemsCount: [33m2[39m,
  actualConsumption: [33m10[39m
}
LOOKING FOR FUEL ITEM {
  vehicleFuelType: [32m'ft-mibh7if9-efac'[39m,
  foundItem: [32m'gsi-mibh7im6-bc8c'[39m,
  allItemsCount: [33m2[39m,
  matchingItems: [ { id: [32m'gsi-mibh7im6-bc8c'[39m, active: [33mtrue[39m } ]
}

[90mstdout[2m | services/mockApi.test.ts[2m > [22m[2mmockApi Business Logic[2m > [22m[2mFull Scenario: Waybill Lifecycle[2m > [22m[2mshould correctly handle a waybill from creation to posting with all related entities[22m[39m
CHANGE STATUS START { id: [32m'wb-mibh7mfh-c67e'[39m, from: [32m'Draft'[39m, next: [32m'Posted'[39m }
POSTING WAYBILL {
  waybillId: [32m'wb-mibh7mfh-c67e'[39m,
  fuelAtStart: [33m25[39m,
  fuelFilled: [33m0[39m,
  fuelAtEnd: [33m0[39m,
  vehicleId: [32m'veh-main'[39m,
  stockItemsCount: [33m2[39m,
  actualConsumption: [33m25[39m
}

[90mstdout[2m | services/mockApi.test.ts[2m > [22m[2mmockApi Business Logic[2m > [22m[2mFull Scenario: Waybill Lifecycle[2m > [22m[2mshould correctly handle a waybill from creation to posting with all related entities[22m[39m
DEBUG TEST STATE: {
  status: [32m'Posted'[39m,
  fuelAtStart: [33m25[39m,
  fuelFilled: [90mundefined[39m,
  fuelAtEnd: [90mundefined[39m,
  vehicleId: [32m'veh-main'[39m
}

[90mstdout[2m | services/mockApi.test.ts[2m > [22m[2mmockApi Business Logic[2m > [22m[2mFull Scenario: Waybill Lifecycle[2m > [22m[2mshould correctly handle a waybill from creation to posting with all related entities[22m[39m
ALL STOCK TXS: []

npx : [90mstderr[2m | services/mockApi.test.ts[2m > [22m[2mmockApi Business Logic[2
m > [22m[2mFull Scenario: Waybill Lifecycle[2m > [22m[2mshould correctly handle a wa
ybill from creation to posting with all related entities[22m[39m
строка:1 знак:1
+ npx vitest run services/mockApi.test.ts > test_output.txt 2>&1
+ ~~~~~~~~~~~~~~~~~~~~~~~~~~~~~~~~~~~~~~~~~~~~~~~~~~~~~~~~~~~~~~
    + CategoryInfo          : NotSpecified: ([90mstderr[2m...ities[22m[39m:String) []
, Re    moteException
    + FullyQualifiedErrorId : NativeCommandError
 
Full Scenario Invariant Error: ╨Э╨░╤А╤Г╤И╨╡╨╜╨╕╨╡ ╨╕╨╜╨▓╨░╤А╨╕╨░╨╜╤В╨╛╨▓ ╨┐╤Г╤В╨╡╨▓╨╛╨│╨╛
 ╨╗╨╕╤Б╤В╨░ wb-mibh7mfh-c67e:
╨Я╨Ы wb-mibh7mfh-c67e: ╤Б╤В╨░╤В╤Г╤Б POSTED ╨╕ ╤А╨░╤Б╤Е╨╛╨┤ ╤В╨╛╨┐╨╗╨╕╨▓╨░ 25, ╨╜╨╛ ╨╜╨╡╤В
 ╤Б╨▓╤П╨╖╨░╨╜╨╜╤Л╤Е ╤Б╨║╨╗╨░╨┤╤Б╨║╨╕╤Е ╤В╤А╨░╨╜╨╖╨░╨║╤Ж╨╕╨╣ (waybillId=wb-mibh7mfh-c67e)

[90mstdout[2m | services/mockApi.test.ts[2m > [22m[2mmockApi Business Logic[2m > [22m[2mFull Scenario: Waybill Lifecycle[2m > [22m[2mshould correctly handle a waybill from creation to posting with all related entities[22m[39m
Waybill: {
  "number": "XX000101",
  "blankId": "blank-mibh7m6e-dc10",
  "date": "2024-05-20",
  "vehicleId": "veh-main",
  "driverId": "driver-main",
  "status": "Posted",
  "odometerStart": 50000,
  "fuelAtStart": 25,
  "routes": [
    {
      "id": "r1",
      "from": "╨У╨░╤А╨░╨╢",
      "to": "╨б╨║╨╗╨░╨┤",
      "distanceKm": 50
    }
  ],
  "organizationId": "org-main",
  "dispatcherId": "disp-main",
  "validFrom": "2024-05-20T09:00",
  "validTo": "2024-05-20T18:00",
  "id": "wb-mibh7mfh-c67e",
  "createdAt": "2025-11-23T08:48:49.229Z",
  "updatedAt": "2025-11-23T08:48:49.635Z",
  "postedAt": "2025-11-23T08:48:49.635Z"
}
Stock Txs: []

[90mstdout[2m | services/mockApi.test.ts[2m > [22m[2mmockApi Business Logic[2m > [22m[2mWaybill lifecycle - edge cases[2m > [22m[2mshould not post waybill when fuel card balance is insufficient[22m[39m
CHANGE STATUS START { id: [32m'wb-mibh7p33-da22'[39m, from: [32m'Draft'[39m, next: [32m'Posted'[39m }

[90mstdout[2m | services/mockApi.test.ts[2m > [22m[2mmockApi Business Logic[2m > [22m[2mWaybill lifecycle - edge cases[2m > [22m[2mshould not post waybill when stock balance is insufficient for consumption[22m[39m
CHANGE STATUS START { id: [32m'wb-mibh7qwn-b5b3'[39m, from: [32m'Draft'[39m, next: [32m'Posted'[39m }
POSTING WAYBILL {
  waybillId: [32m'wb-mibh7qwn-b5b3'[39m,
  fuelAtStart: [33m10[39m,
  fuelFilled: [33m0[39m,
  fuelAtEnd: [33m0[39m,
  vehicleId: [32m'veh-mibh7q6m-1840'[39m,
  stockItemsCount: [33m2[39m,
  actualConsumption: [33m10[39m
}
LOOKING FOR FUEL ITEM {
  vehicleFuelType: [32m'ft-mibh7pk9-4c23'[39m,
  foundItem: [32m'gsi-mibh7pss-5552'[39m,
  allItemsCount: [33m2[39m,
  matchingItems: [ { id: [32m'gsi-mibh7pss-5552'[39m, active: [33mtrue[39m } ]
}

[90mstdout[2m | services/mockApi.test.ts[2m > [22m[2mmockApi Business Logic[2m > [22m[2mWaybill lifecycle - edge cases[2m > [22m[2mshould prevent invalid status transition POSTED -> CANCELLED[22m[39m
CHANGE STATUS START { id: [32m'wb-mibh7rud-d4b6'[39m, from: [32m'Draft'[39m, next: [32m'Posted'[39m }
POSTING WAYBILL {
  waybillId: [32m'wb-mibh7rud-d4b6'[39m,
  fuelAtStart: [33m0[39m,
  fuelFilled: [33m0[39m,
  fuelAtEnd: [33m0[39m,
  vehicleId: [32m'veh-1'[39m,
  stockItemsCount: [33m1[39m,
  actualConsumption: [33m0[39m
}

[90mstdout[2m | services/mockApi.test.ts[2m > [22m[2mmockApi Business Logic[2m > [22m[2mWaybill lifecycle - edge cases[2m > [22m[2mshould prevent invalid status transition POSTED -> CANCELLED[22m[39m
CHANGE STATUS START { id: [32m'wb-mibh7rud-d4b6'[39m, from: [32m'Posted'[39m, next: [32m'Cancelled'[39m }

[90mstdout[2m | services/mockApi.test.ts[2m > [22m[2mmockApi Business Logic[2m > [22m[2mStock transactions and fuel card operations[2m > [22m[2mshould prevent fuelCardTopUp deletion if driver balance is insufficient[22m[39m
CHANGE STATUS START { id: [32m'wb-mibh7ycs-3877'[39m, from: [32m'Draft'[39m, next: [32m'Posted'[39m }
POSTING WAYBILL {
  waybillId: [32m'wb-mibh7ycs-3877'[39m,
  fuelAtStart: [33m0[39m,
  fuelFilled: [33m20[39m,
  fuelAtEnd: [33m0[39m,
  vehicleId: [32m'veh-mibh7xfc-3810'[39m,
  stockItemsCount: [33m2[39m,
  actualConsumption: [33m20[39m
}
LOOKING FOR FUEL ITEM {
  vehicleFuelType: [32m'f'[39m,
  foundItem: [90mundefined[39m,
  allItemsCount: [33m2[39m,
  matchingItems: []
}

 [33mтЭп[39m services/mockApi.test.ts [2m ([22m[2m20 tests[22m [2m|[22m [31m1 failed[39m[2m)[22m[33m 35641[2mms[22m[39m
[31m   [33mтЭп[31m services/mockApi.test.ts[2m > [22mmockApi Business Logic[2m > [22mFull Scenario: Waybill Lifecycle[2m > [22mshould correctly handle a waybill from creation to posting with all related entities[39m
[31m     тЖТ ╨Э╨░╤А╤Г╤И╨╡╨╜╨╕╨╡ ╨╕╨╜╨▓╨░╤А╨╕╨░╨╜╤В╨╛╨▓ ╨┐╤Г╤В╨╡╨▓╨╛╨│╨╛ ╨╗╨╕╤Б╤В╨░ wb-mibh7mfh-c67e:
╨Я╨Ы wb-mibh7mfh-c67e: ╤Б╤В╨░╤В╤Г╤Б POSTED ╨╕ ╤А╨░╤Б╤Е╨╛╨┤ ╤В╨╛╨┐╨╗╨╕╨▓╨░ 25, ╨╜╨╛ ╨╜╨╡╤В ╤Б╨▓╤П╨╖╨░╨╜╨╜╤Л╤Е ╤Б╨║╨╗╨░╨┤╤Б╨║╨╕╤Е ╤В╤А╨░╨╜╨╖╨░╨║╤Ж╨╕╨╣ (waybillId=wb-mibh7mfh-c67e)[39m

[31mтОптОптОптОптОптОптОп[1m[7m Failed Tests 1 [27m[22mтОптОптОптОптОптОптОп[39m

[31m[1m[7m FAIL [27m[22m[39m services/mockApi.test.ts[2m > [22mmockApi Business L
ogic[2m > [22mFull Scenario: Waybill Lifecycle[2m > [22mshould correctly handle a way
bill from creation to posting with all related entities
[31m[1mError[22m: ╨Э╨░╤А╤Г╤И╨╡╨╜╨╕╨╡ ╨╕╨╜╨▓╨░╤А╨╕╨░╨╜╤В╨╛╨▓ ╨┐╤Г╤В╨╡╨▓╨╛╨│╨╛ ╨╗╨╕╤Б╤В╨
░ wb-mibh7mfh-c67e:
╨Я╨Ы wb-mibh7mfh-c67e: ╤Б╤В╨░╤В╤Г╤Б POSTED ╨╕ ╤А╨░╤Б╤Е╨╛╨┤ ╤В╨╛╨┐╨╗╨╕╨▓╨░ 25, ╨╜╨╛ ╨╜╨╡╤В
 ╤Б╨▓╤П╨╖╨░╨╜╨╜╤Л╤Е ╤Б╨║╨╗╨░╨┤╤Б╨║╨╕╤Е ╤В╤А╨░╨╜╨╖╨░╨║╤Ж╨╕╨╣ (waybillId=wb-mibh7mfh-c67e)
[39m
[36m [2mтЭп[22m Module.assertWaybillInvariants services/domain/waybillInvariants.ts:[
2m45:15[22m[39m
    [90m 43| [39m
    [90m 44| [39m    [35mif[39m (errors[33m.[39mlength [33m>[39m [34m0[39m) {
    [90m 45| [39m        [35mthrow[39m [35mnew[39m [33mError[39m(
    [90m   | [39m              [31m^[39m
    [90m 46| [39m            [32m`╨Э╨░╤А╤Г╤И╨╡╨╜╨╕╨╡ ╨╕╨╜╨▓╨░╤А╨╕╨░╨╜╤В╨╛╨▓ ╨┐╤Г╤В╨╡╨▓
╨╛╨│╨╛ ╨╗╨╕╤Б╤В╨░ [39m[36m${[39mwaybill[33m.[39mid[36m}[39m[32m:\n`[39m [33m+[
39m
    [90m 47| [39m            errors[33m.[39m[34mjoin[39m([32m'\n'[39m)[33m,[39m
[90m [2mтЭп[22m services/mockApi.test.ts:[2m630:11[22m[39m

[31m[2mтОптОптОптОптОптОптОптОптОптОптОптОптОптОптОптОптОптОптОптОптОптОптОптОп[1/1]тОп
[22m[39m

[2m Test Files [22m [1m[31m1 failed[39m[22m[90m (1)[39m
[2m      Tests [22m [1m[31m1 failed[39m[22m[2m | [22m[1m[32m19 passed[39m[22m[90m (20)[39m
[2m   Start at [22m 13:48:29
[2m   Duration [22m 36.69s[2m (transform 214ms, setup 0ms, collect 253ms, tests 35.64s, environment 443ms, prepare 124ms)[22m

