App.tsx(121,27): error TS2322: Type '{ onNavigate: (view: View, subView?: string) => void; }' is not assignable to type 'IntrinsicAttributes'.
  Property 'onNavigate' does not exist on type 'IntrinsicAttributes'.
backend/src/services/employeeService.ts(75,37): error TS2769: No overload matches this call.
  Overload 1 of 3, '(entityLikeArray: DeepPartial<Employee>[]): Employee[]', gave the following error.
    Object literal may only specify known properties, and 'organizationId' does not exist in type 'DeepPartial<Employee>[]'.
  Overload 2 of 3, '(entityLike: DeepPartial<Employee>): Employee', gave the following error.
    Object literal may only specify known properties, and 'personnelNumber' does not exist in type 'DeepPartial<Employee>'.
backend/src/services/employeeService.ts(84,5): error TS2740: Type 'Employee[]' is missing the following properties from type 'Employee': id, organizationId, departmentId, fullName, and 8 more.
backend/src/services/vehicleService.ts(12,18): error TS2353: Object literal may only specify known properties, and 'registrationNumber' does not exist in type 'FindOptionsOrder<Vehicle>'.
backend/src/services/waybillService.ts(102,37): error TS2339: Property 'registrationNumber' does not exist on type 'Vehicle'.
components/admin/AuditLogViewer.tsx(66,31): error TS2339: Property 'success' does not exist on type 'AuditLogsResponse'.
components/admin/AuditLogViewer.tsx(67,39): error TS2339: Property 'data' does not exist on type 'AuditLogsResponse'.
components/admin/AuditLogViewer.tsx(68,40): error TS2339: Property 'data' does not exist on type 'AuditLogsResponse'.
components/help/AdminGuide.tsx(22,40): error TS2339: Property 'inline' does not exist on type 'ClassAttributes<HTMLElement> & HTMLAttributes<HTMLElement> & ExtraProps'.
components/help/BusinessLogicGuide.tsx(22,40): error TS2339: Property 'inline' does not exist on type 'ClassAttributes<HTMLElement> & HTMLAttributes<HTMLElement> & ExtraProps'.
components/help/TestingGuide.tsx(22,40): error TS2339: Property 'inline' does not exist on type 'ClassAttributes<HTMLElement> & HTMLAttributes<HTMLElement> & ExtraProps'.
components/help/UserGuide.tsx(23,28): error TS2339: Property 'inline' does not exist on type 'ClassAttributes<HTMLElement> & HTMLAttributes<HTMLElement> & ExtraProps'.
components/waybills/WaybillDetail.tsx(674,60): error TS2339: Property 'CORRECTION' does not exist on type 'typeof WaybillStatus'.
components/waybills/WaybillDetail.tsx(674,72): error TS2554: Expected 2 arguments, but got 3.
components/waybills/WaybillDetail.tsx(675,61): error TS2339: Property 'CORRECTION' does not exist on type 'typeof WaybillStatus'.
components/waybills/WaybillDetail.tsx(746,15): error TS2554: Expected 2 arguments, but got 1.
components/waybills/WaybillDetail.tsx(852,34): error TS2304: Cannot find name 'handleDayModeChange'.
components/waybills/WaybillDetail.tsx(971,95): error TS2304: Cannot find name 'isOverrun'.
components/waybills/WaybillDetail.tsx(972,62): error TS2304: Cannot find name 'displayOverrun'.
components/waybills/WaybillDetail.tsx(972,81): error TS2304: Cannot find name 'isOverrun'.
components/waybills/WaybillDetail.tsx(983,12): error TS2304: Cannot find name 'isOverrun'.
components/waybills/WaybillList.tsx(342,56): error TS2551: Property 'vehicle' does not exist on type '{ rowNumber: number; mileage: number; id: string; number: string; blankId?: string; blankSeries?: string; blankNumber?: number; reservedAt?: string; date: string; vehicleId: string; driverId: string; ... 24 more ...; notes?: string; }'. Did you mean 'vehicleId'?
components/waybills/WaybillList.tsx(343,56): error TS2551: Property 'driver' does not exist on type '{ rowNumber: number; mileage: number; id: string; number: string; blankId?: string; blankSeries?: string; blankNumber?: number; reservedAt?: string; date: string; vehicleId: string; driverId: string; ... 24 more ...; notes?: string; }'. Did you mean 'driverId'?
components/waybills/WaybillList.tsx(344,56): error TS2551: Property 'organization' does not exist on type '{ rowNumber: number; mileage: number; id: string; number: string; blankId?: string; blankSeries?: string; blankNumber?: number; reservedAt?: string; date: string; vehicleId: string; driverId: string; ... 24 more ...; notes?: string; }'. Did you mean 'organizationId'?
services/api/departmentApi.ts(39,26): error TS2339: Property 'data' does not exist on type 'DepartmentsResponse'.
services/api/departmentApi.ts(46,26): error TS2339: Property 'data' does not exist on type '{ department: Department; }'.
services/api/departmentApi.ts(59,26): error TS2339: Property 'data' does not exist on type '{ department: Department; }'.
services/api/departmentApi.ts(71,26): error TS2339: Property 'data' does not exist on type '{ department: Department; }'.
services/api/employeeApi.ts(33,26): error TS2339: Property 'data' does not exist on type 'EmployeesResponse'.
services/api/employeeApi.ts(40,26): error TS2339: Property 'data' does not exist on type '{ employee: Employee; }'.
services/api/employeeApi.ts(48,26): error TS2339: Property 'data' does not exist on type '{ employee: Employee; }'.
services/api/employeeApi.ts(62,26): error TS2339: Property 'data' does not exist on type '{ employee: Employee; }'.
services/api/vehicleApi.ts(16,21): error TS2339: Property 'data' does not exist on type 'Vehicle[]'.
services/api/vehicleApi.ts(21,21): error TS2339: Property 'data' does not exist on type 'Vehicle'.
services/api/vehicleApi.ts(26,21): error TS2339: Property 'data' does not exist on type 'Vehicle'.
services/api/vehicleApi.ts(32,21): error TS2339: Property 'data' does not exist on type 'Vehicle'.
services/api/waybillApi.ts(45,26): error TS2339: Property 'data' does not exist on type '{ waybill: Waybill; }'.
services/api/waybillApi.ts(53,26): error TS2339: Property 'data' does not exist on type '{ waybill: Waybill; }'.
services/api/waybillApi.ts(61,26): error TS2339: Property 'data' does not exist on type '{ waybill: Waybill; }'.
services/api/waybillApi.ts(83,26): error TS2339: Property 'data' does not exist on type '{ waybill: Waybill; }'.
